5, 1083.390197, 6.000000, 1024, 0.05
3 3 3 3 4 4 5 5 6 35 
5, 1105.820079, 5.000000, 1024, 0.05
3 3 3 3 4 4 4 5 5 25 
5, 1078.077936, 6.000000, 1024, 0.05
3 3 3 4 4 4 5 5 6 28 
5, 1094.236701, 6.000000, 1024, 0.05
3 3 3 3 4 4 5 5 6 23 
5, 1121.058874, 6.000000, 1024, 0.05
3 3 3 3 4 4 4 5 6 34 
50, 1071.557632, 49.000000, 1024, 0.05
39 40 41 42 43 44 45 46 49 208 
50, 1049.144542, 50.000000, 1024, 0.05
40 41 42 43 44 45 46 47 50 231 
50, 1124.314561, 47.000000, 1024, 0.05
37 38 39 40 41 42 43 44 47 326 
50, 1066.260498, 50.000000, 1024, 0.05
39 41 42 42 43 44 45 47 50 194 
50, 1112.014818, 48.000000, 1024, 0.05
37 39 40 41 42 43 44 45 48 218 
100, 1041.284677, 108.000000, 1024, 0.05
73 78 81 85 88 92 95 100 108 389 
100, 1024.841184, 109.000000, 1024, 0.05
73 76 81 84 87 90 95 100 109 437 
100, 1083.353039, 106.000000, 1024, 0.05
70 76 79 82 85 89 93 98 106 534 
100, 1056.705179, 112.000000, 1024, 0.05
68 74 78 82 85 90 94 100 112 356 
100, 1044.772468, 113.000000, 1024, 0.05
71 76 80 84 87 92 97 103 113 355 
150, 981.048339, 172.000000, 1024, 0.05
113 120 126 132 137 143 151 159 172 519 
150, 1002.411846, 173.000000, 1024, 0.05
111 118 125 131 137 143 148 156 173 833 
150, 983.635309, 174.000000, 1024, 0.05
114 124 133 140 144 150 155 162 174 504 
150, 994.290600, 169.000000, 1024, 0.05
104 114 121 128 137 143 147 156 169 530 
150, 964.937170, 173.000000, 1024, 0.05
113 122 129 135 140 145 151 157 173 536 
200, 880.799574, 253.000000, 1024, 0.05
174 186 193 199 204 209 217 227 253 790 
200, 941.887899, 244.000000, 1024, 0.05
147 160 173 182 193 205 212 222 244 693 
200, 907.110265, 254.000000, 1024, 0.05
159 171 180 188 195 204 211 221 254 825 
200, 955.511438, 224.000000, 1024, 0.05
168 177 184 190 196 200 205 211 224 1049 
200, 954.424238, 240.000000, 1024, 0.05
151 165 176 186 197 206 213 223 240 642 
250, 867.438480, 329.000000, 1024, 0.05
217 231 243 253 261 270 278 289 329 898 
250, 865.798454, 324.000000, 1024, 0.05
210 227 247 261 270 279 287 299 324 869 
250, 829.730269, 329.000000, 1024, 0.05
216 228 237 249 257 269 281 296 329 1285 
250, 845.443234, 332.000000, 1024, 0.05
218 231 247 260 270 280 291 301 332 991 
250, 880.910998, 319.000000, 1024, 0.05
215 229 244 254 261 271 283 296 319 1367 
300, 866.972764, 401.000000, 1024, 0.05
264 283 297 308 320 333 349 367 401 1517 
300, 830.731890, 404.000000, 1024, 0.05
267 282 295 306 318 331 346 362 404 1317 
300, 914.862373, 385.000000, 1024, 0.05
243 258 272 281 292 308 333 352 385 990 
300, 929.158545, 362.000000, 1024, 0.05
238 260 272 289 299 310 324 339 362 1487 
300, 857.391517, 389.000000, 1024, 0.05
252 272 287 301 317 332 342 358 389 1148 
350, 850.579819, 492.000000, 1024, 0.05
313 335 354 369 380 393 408 434 492 1601 
350, 852.542785, 465.000000, 1024, 0.05
292 308 322 336 352 378 397 413 465 1606 
350, 780.281227, 486.000000, 1024, 0.05
340 366 385 400 409 419 431 448 486 1467 
350, 900.519715, 438.000000, 1024, 0.05
280 299 314 327 339 350 362 383 438 1435 
350, 851.653282, 499.000000, 1024, 0.05
305 323 338 353 367 382 396 420 499 1255 
400, 857.760403, 505.000000, 1024, 0.05
372 387 403 417 435 449 461 481 505 1273 
400, 827.469100, 567.000000, 1024, 0.05
362 391 405 419 434 452 466 495 567 1630 
400, 845.685943, 546.000000, 1024, 0.05
371 385 396 413 432 450 470 500 546 1289 
400, 853.101193, 548.000000, 1024, 0.05
333 360 384 407 434 452 479 507 548 1363 
400, 809.725885, 553.000000, 1024, 0.05
369 395 410 425 441 457 479 505 553 1689 
450, 836.434214, 599.000000, 1024, 0.05
398 419 466 482 501 513 529 557 599 1535 
450, 903.149354, 571.000000, 1024, 0.05
379 399 418 434 446 459 478 506 571 1576 
450, 763.175852, 637.000000, 1024, 0.05
457 488 507 527 545 565 583 602 637 2101 
450, 815.247431, 594.000000, 1024, 0.05
392 442 464 489 517 532 546 565 594 1755 
450, 833.783283, 635.000000, 1024, 0.05
402 432 452 475 501 523 554 595 635 1756 
500, 839.943314, 697.000000, 1024, 0.05
447 478 492 509 521 536 562 639 697 2160 
500, 832.027069, 727.000000, 1024, 0.05
428 467 489 517 552 594 626 665 727 2205 
500, 788.689465, 685.000000, 1024, 0.05
500 552 574 585 594 609 626 652 685 1592 
500, 827.286143, 676.000000, 1024, 0.05
465 484 502 518 543 571 597 626 676 2119 
500, 828.281638, 657.000000, 1024, 0.05
434 469 502 527 544 558 575 609 657 2036 
550, 825.924529, 742.000000, 1024, 0.05
530 563 586 604 619 630 642 657 742 1714 
550, 813.465680, 770.000000, 1024, 0.05
445 553 582 596 616 641 661 690 770 1977 
550, 756.661887, 851.000000, 1024, 0.05
514 569 612 669 697 722 742 775 851 2462 
550, 835.943382, 702.000000, 1024, 0.05
530 561 577 591 605 620 636 658 702 1694 
550, 815.439293, 792.000000, 1024, 0.05
492 543 570 592 615 643 668 704 792 1853 
600, 815.516736, 838.000000, 1024, 0.05
574 610 630 650 682 712 735 772 838 2138 
600, 865.819662, 793.000000, 1024, 0.05
526 549 569 581 598 620 652 682 793 2457 
600, 738.764950, 998.000000, 1024, 0.05
615 644 680 702 721 749 794 833 998 2767 
600, 887.360039, 846.000000, 1024, 0.05
474 508 532 563 588 616 650 689 846 2043 
600, 863.416814, 750.000000, 1024, 0.05
523 555 591 606 621 633 649 677 750 2009 
650, 749.302272, 994.000000, 1024, 0.05
650 698 728 768 807 826 845 881 994 2204 
650, 795.831241, 843.000000, 1024, 0.05
625 666 688 713 731 749 767 790 843 2257 
650, 831.692592, 974.000000, 1024, 0.05
548 568 630 678 699 719 741 785 974 2237 
650, 906.522138, 786.000000, 1024, 0.05
558 573 593 609 630 649 691 741 786 1911 
650, 757.833937, 958.000000, 1024, 0.05
642 696 731 765 802 856 881 912 958 2058 
700, 782.436701, 1010.000000, 1024, 0.05
670 702 736 764 793 822 846 910 1010 2414 
700, 757.446236, 1141.000000, 1024, 0.05
728 760 777 797 824 854 880 927 1141 2377 
700, 765.451341, 1058.000000, 1024, 0.05
680 724 747 771 809 841 871 918 1058 2392 
700, 789.239628, 1024.000000, 1024, 0.05
676 704 731 760 791 835 878 906 1024 2586 
700, 835.857271, 1064.000000, 1024, 0.05
602 638 684 722 762 807 839 879 1064 2012 
750, 744.061171, 1276.000000, 1024, 0.05
782 809 830 858 884 919 968 1066 1276 2949 
750, 779.860399, 1322.000000, 1024, 0.05
700 742 771 796 821 870 913 1014 1322 2810 
750, 823.633027, 1031.000000, 1024, 0.05
733 755 779 796 809 824 846 870 1031 2296 
750, 795.405913, 1009.000000, 1024, 0.05
774 805 833 851 868 880 894 914 1009 2451 
750, 722.269131, 1175.000000, 1024, 0.05
804 859 883 925 956 990 1018 1042 1175 2481 
800, 757.505116, 1357.000000, 1024, 0.05
847 877 892 910 933 953 978 1029 1357 2911 
800, 782.355179, 1330.000000, 1024, 0.05
784 858 878 896 908 919 942 999 1330 3390 
800, 772.135481, 1340.000000, 1024, 0.05
748 802 838 871 904 942 1009 1072 1340 2953 
800, 783.033472, 1307.000000, 1024, 0.05
751 815 857 902 936 958 981 1021 1307 3408 
800, 709.963495, 1581.000000, 1024, 0.05
804 844 869 913 961 1009 1042 1149 1581 3533 
850, 775.937448, 1305.000000, 1024, 0.05
826 891 921 945 1008 1037 1074 1117 1305 2762 
850, 696.629757, 1676.000000, 1024, 0.05
918 961 994 1028 1064 1104 1138 1217 1676 3161 
850, 741.976666, 1540.000000, 1024, 0.05
852 881 910 938 974 1092 1144 1201 1540 3181 
850, 743.787549, 1681.000000, 1024, 0.05
773 832 892 919 975 1014 1104 1173 1681 3515 
850, 802.656635, 1333.000000, 1024, 0.05
863 892 916 933 949 972 986 1008 1333 2296 
900, 704.321778, 1790.000000, 1024, 0.05
950 1015 1060 1085 1139 1172 1206 1277 1790 3435 
900, 699.967808, 1598.000000, 1024, 0.05
1002 1054 1078 1114 1146 1172 1204 1279 1598 2999 
900, 774.464655, 1553.000000, 1024, 0.05
821 864 921 960 1024 1129 1173 1244 1553 3123 
900, 707.283850, 1932.000000, 1024, 0.05
938 995 1037 1077 1113 1149 1204 1259 1932 3649 
900, 736.995960, 1497.000000, 1024, 0.05
905 963 1027 1086 1111 1151 1228 1295 1497 2551 
5, 1155.353481, 5.000000, 1024, 0.5
3 3 3 3 4 4 4 5 5 22 
5, 1167.839705, 5.000000, 1024, 0.5
3 3 3 3 3 4 4 5 5 21 
5, 1152.156738, 5.000000, 1024, 0.5
3 3 3 3 4 4 4 5 5 21 
5, 1141.664651, 5.000000, 1024, 0.5
3 3 3 3 4 4 4 5 5 21 
5, 1111.526948, 6.000000, 1024, 0.5
3 3 3 3 4 4 4 5 6 21 
50, 804.340019, 86.000000, 1024, 0.5
37 39 40 42 70 79 81 83 86 192 
50, 787.524015, 87.000000, 1024, 0.5
37 39 41 44 60 80 83 85 87 292 
50, 797.346640, 88.000000, 1024, 0.5
38 40 41 44 70 77 80 83 88 205 
50, 801.804114, 90.000000, 1024, 0.5
37 39 40 43 60 76 80 84 90 193 
50, 826.274319, 83.000000, 1024, 0.5
37 38 39 41 62 76 78 80 83 270 
100, 713.866264, 220.000000, 1024, 0.5
73 79 86 95 142 167 180 196 220 390 
100, 696.803421, 226.000000, 1024, 0.5
71 80 86 97 144 169 184 205 226 391 
100, 689.195928, 231.000000, 1024, 0.5
71 80 86 92 147 178 194 208 231 374 
100, 719.920075, 212.000000, 1024, 0.5
70 75 82 93 146 173 182 193 212 414 
100, 716.242461, 215.000000, 1024, 0.5
74 79 85 91 141 170 181 193 215 413 
150, 624.301081, 447.000000, 1024, 0.5
111 123 131 143 217 255 296 355 447 799 
150, 702.168419, 324.000000, 1024, 0.5
107 115 126 141 202 255 271 295 324 770 
150, 568.178005, 466.000000, 1024, 0.5
110 124 133 148 242 324 367 425 466 616 
150, 708.538399, 316.000000, 1024, 0.5
117 127 138 150 227 257 272 288 316 466 
150, 640.251046, 401.000000, 1024, 0.5
123 133 141 152 227 255 289 332 401 533 
200, 447.715397, 787.000000, 1024, 0.5
154 173 186 198 278 655 716 750 787 1173 
200, 477.028079, 758.000000, 1024, 0.5
170 185 193 203 271 528 634 721 758 981 
200, 438.851042, 781.000000, 1024, 0.5
162 171 183 195 392 689 729 752 781 940 
200, 450.886715, 784.000000, 1024, 0.5
163 174 192 207 345 621 711 746 784 910 
200, 447.199267, 787.000000, 1024, 0.5
170 181 191 210 361 605 699 755 787 920 
250, 614.326388, 760.000000, 1024, 0.5
201 221 238 263 407 443 473 531 760 948 
250, 407.066612, 1152.000000, 1024, 0.5
208 222 231 258 411 775 1031 1098 1152 1295 
250, 497.943565, 1073.000000, 1024, 0.5
222 248 264 282 405 448 552 847 1073 1229 
250, 403.039863, 1135.000000, 1024, 0.5
238 253 263 278 407 716 1052 1098 1135 1392 
250, 379.411458, 1123.000000, 1024, 0.5
234 250 263 277 486 1008 1060 1093 1123 1285 
300, 411.795190, 1529.000000, 1024, 0.5
268 293 308 322 403 808 958 1448 1529 1731 
300, 346.348400, 1539.000000, 1024, 0.5
275 304 319 336 438 1385 1473 1505 1539 1893 
300, 439.715363, 1518.000000, 1024, 0.5
282 305 319 335 397 597 742 1336 1518 1787 
300, 346.408020, 1570.000000, 1024, 0.5
279 302 322 346 683 1144 1462 1522 1570 1907 
300, 647.587454, 647.000000, 1024, 0.5
281 299 318 345 482 519 538 564 647 1174 
350, 632.953892, 790.000000, 1024, 0.5
357 373 392 410 500 626 657 699 790 1884 
350, 394.246282, 2026.000000, 1024, 0.5
340 366 392 429 575 753 997 1697 2026 2275 
350, 326.062472, 2095.000000, 1024, 0.5
349 382 407 426 712 1363 1539 1976 2095 2411 
350, 297.449993, 2117.000000, 1024, 0.5
329 348 372 402 751 1907 2026 2074 2117 2486 
350, 308.149535, 2164.000000, 1024, 0.5
334 363 378 406 641 1514 2031 2093 2164 2374 
400, 335.196487, 2538.000000, 1024, 0.5
390 424 450 469 564 1379 1597 2452 2538 2931 
400, 289.286876, 2658.000000, 1024, 0.5
356 406 444 485 762 1715 2495 2553 2658 3050 
400, 583.032931, 1081.000000, 1024, 0.5
397 435 474 507 652 716 783 887 1081 1632 
400, 292.684412, 2636.000000, 1024, 0.5
409 442 474 509 741 1665 2476 2575 2636 2945 
400, 281.662814, 2676.000000, 1024, 0.5
371 398 423 481 833 2042 2505 2585 2676 3055 
450, 265.399962, 3235.000000, 1024, 0.5
485 523 557 587 815 2388 3088 3170 3235 3693 
450, 273.264507, 3300.000000, 1024, 0.5
497 549 578 615 981 1860 2734 3240 3300 3660 
450, 273.527157, 3308.000000, 1024, 0.5
439 474 515 574 938 1957 3100 3198 3308 3618 
450, 256.152493, 3309.000000, 1024, 0.5
490 518 550 586 996 2751 3114 3209 3309 3671 
450, 277.497155, 3351.000000, 1024, 0.5
416 445 467 500 914 2030 2581 3232 3351 3868 
500, 276.071347, 3944.000000, 1024, 0.5
559 625 663 694 1107 1577 2677 3780 3944 4564 
500, 261.833558, 3894.000000, 1024, 0.5
514 547 578 619 1000 2344 3438 3771 3894 4327 
500, 239.585384, 4061.000000, 1024, 0.5
589 630 660 709 1122 2878 3766 3959 4061 4576 
500, 247.923369, 3928.000000, 1024, 0.5
584 622 682 719 1137 2534 3601 3808 3928 4448 
500, 246.117428, 4044.000000, 1024, 0.5
566 614 671 711 1074 2676 3375 3987 4044 4655 
550, 241.533785, 4698.000000, 1024, 0.5
612 655 706 735 1109 2334 4287 4538 4698 5484 
550, 583.336242, 1413.000000, 1024, 0.5
480 598 627 654 781 1042 1172 1274 1413 2959 
550, 282.146754, 4521.000000, 1024, 0.5
520 616 674 710 1181 1799 2887 3564 4521 5227 
550, 261.444489, 4676.000000, 1024, 0.5
595 638 680 733 1272 2189 3003 4131 4676 5097 
550, 250.150368, 4793.000000, 1024, 0.5
579 636 690 793 1281 2150 3426 4661 4793 5262 
600, 235.292872, 5506.000000, 1024, 0.5
582 612 680 802 1333 3086 4409 5138 5506 6074 
600, 280.998324, 5546.000000, 1024, 0.5
736 783 811 872 950 1659 2745 3820 5546 5979 
600, 215.621081, 5536.000000, 1024, 0.5
641 732 814 854 1455 3679 5092 5452 5536 6369 
600, 237.362624, 5601.000000, 1024, 0.5
651 705 758 873 1227 2532 4125 5294 5601 6303 
600, 632.989600, 1475.000000, 1024, 0.5
583 622 645 685 885 1052 1087 1125 1475 1987 
650, 217.702108, 6551.000000, 1024, 0.5
623 665 711 856 1538 3271 5442 6099 6551 7569 
650, 223.452796, 6346.000000, 1024, 0.5
797 834 863 923 1446 3262 4830 5891 6346 6721 
650, 235.262437, 6177.000000, 1024, 0.5
781 839 881 982 1155 2942 4008 5852 6177 7033 
650, 214.756721, 6193.000000, 1024, 0.5
651 685 734 817 1504 4094 5449 6072 6193 7204 
650, 241.632469, 6468.000000, 1024, 0.5
669 789 838 966 1449 2330 4009 5404 6468 7190 
700, 213.552209, 7225.000000, 1024, 0.5
652 744 774 807 1651 3958 5706 6970 7225 7912 
700, 225.724716, 7438.000000, 1024, 0.5
777 886 972 1032 1165 2791 4991 6645 7438 8085 
700, 227.299763, 7230.000000, 1024, 0.5
751 810 865 966 1736 3307 4553 6158 7230 8014 
700, 203.173959, 7352.000000, 1024, 0.5
804 851 910 957 1670 3847 6022 7208 7352 8562 
700, 239.735957, 7215.000000, 1024, 0.5
708 768 832 1002 1492 2381 4270 6088 7215 7710 
750, 246.397854, 7306.000000, 1024, 0.5
868 917 974 1039 1423 3251 4172 5546 7306 8829 
750, 205.765061, 8197.000000, 1024, 0.5
903 935 981 1217 1778 3689 6356 7402 8197 9414 
750, 212.692838, 8216.000000, 1024, 0.5
817 876 918 1017 1838 3991 5785 6850 8216 9061 
750, 217.795084, 8100.000000, 1024, 0.5
834 887 952 1048 1790 3470 5068 7270 8100 8922 
750, 214.313277, 8149.000000, 1024, 0.5
919 978 1037 1104 1773 3806 5177 7176 8149 8916 
800, 193.091625, 9271.000000, 1024, 0.5
1197 1294 1331 1389 1895 4447 6801 8649 9271 9650 
800, 201.991394, 9183.000000, 1024, 0.5
1072 1117 1152 1219 2314 4050 6042 7271 9183 10543 
800, 201.984437, 9342.000000, 1024, 0.5
910 984 1016 1086 1837 3897 6319 8538 9342 10191 
800, 214.400249, 9416.000000, 1024, 0.5
963 1095 1159 1389 2021 3267 4831 7392 9416 10545 
800, 193.226926, 9388.000000, 1024, 0.5
1128 1229 1275 1465 2085 4373 6977 8109 9388 10046 
850, 188.958658, 10594.000000, 1024, 0.5
1072 1187 1223 1300 2421 5022 6989 8974 10594 11740 
850, 195.224738, 10527.000000, 1024, 0.5
1098 1293 1377 1498 2063 4156 6356 8873 10527 11755 
850, 296.567793, 6634.000000, 1024, 0.5
1047 1146 1253 1359 1619 2826 3676 4413 6634 8659 
850, 206.385896, 10048.000000, 1024, 0.5
1119 1180 1241 1299 2071 4690 5595 8026 10048 11261 
850, 208.391172, 9286.000000, 1024, 0.5
1163 1228 1278 1338 2212 4212 6393 7810 9286 10194 
900, 313.705731, 6672.000000, 1024, 0.5
856 1013 1163 1265 1385 2903 3947 5074 6672 8062 
900, 230.535775, 8838.000000, 1024, 0.5
1120 1284 1480 1533 2075 4109 5497 7738 8838 9981 
900, 188.478343, 11438.000000, 1024, 0.5
1046 1090 1179 1269 2381 4922 7701 9815 11438 12468 
900, 228.672298, 9636.000000, 1024, 0.5
1010 1085 1132 1266 2092 3756 5234 7939 9636 11351 
900, 208.234863, 11019.000000, 1024, 0.5
1073 1147 1554 1642 2217 3667 5275 8423 11019 13079 
5, 1099.527601, 6.000000, 1024, 0.95
3 3 3 3 4 4 4 5 6 30 
5, 1083.554302, 6.000000, 1024, 0.95
3 3 3 4 4 4 4 5 6 25 
5, 1128.061397, 5.000000, 1024, 0.95
3 3 3 3 3 4 4 5 5 28 
5, 1057.476201, 6.000000, 1024, 0.95
3 3 3 4 4 4 4 5 6 33 
5, 1070.199639, 6.000000, 1024, 0.95
3 3 3 4 4 4 4 5 6 168 
50, 611.465073, 87.000000, 1024, 0.95
77 79 80 81 82 83 84 85 87 314 
50, 620.165956, 87.000000, 1024, 0.95
75 77 78 79 81 82 83 85 87 224 
50, 613.022091, 88.000000, 1024, 0.95
75 77 79 80 81 82 83 85 88 299 
50, 602.437990, 90.000000, 1024, 0.95
77 79 80 81 82 84 85 87 90 229 
50, 610.659251, 88.000000, 1024, 0.95
77 79 80 81 82 83 84 86 88 223 
100, 524.861299, 242.000000, 1024, 0.95
150 163 170 177 186 195 207 221 242 544 
100, 490.920945, 259.000000, 1024, 0.95
155 170 181 190 200 211 225 241 259 599 
100, 515.201888, 244.000000, 1024, 0.95
153 165 174 183 193 202 211 226 244 326 
100, 524.588138, 237.000000, 1024, 0.95
157 167 174 180 187 195 205 217 237 366 
100, 528.536526, 234.000000, 1024, 0.95
152 163 172 179 187 194 206 217 234 421 
150, 433.613439, 482.000000, 1024, 0.95
244 262 275 291 324 364 417 455 482 593 
150, 509.152109, 378.000000, 1024, 0.95
237 248 256 265 278 293 314 340 378 592 
150, 471.079075, 438.000000, 1024, 0.95
241 256 267 279 300 324 356 389 438 556 
150, 479.355415, 428.000000, 1024, 0.95
235 250 262 278 296 318 344 373 428 623 
150, 434.011152, 469.000000, 1024, 0.95
244 258 278 303 332 376 411 443 469 608 
200, 311.697797, 755.000000, 1024, 0.95
393 513 664 685 701 714 725 737 755 1034 
200, 362.124574, 767.000000, 1024, 0.95
339 374 414 464 536 656 706 737 767 925 
200, 306.349705, 773.000000, 1024, 0.95
471 557 621 669 698 719 736 750 773 906 
200, 303.856064, 750.000000, 1024, 0.95
535 630 660 677 690 703 717 732 750 1097 
200, 301.947760, 789.000000, 1024, 0.95
427 540 664 701 719 732 747 763 789 918 
250, 308.093997, 1105.000000, 1024, 0.95
460 511 572 678 935 1021 1050 1073 1105 1324 
250, 240.338935, 1165.000000, 1024, 0.95
958 1029 1054 1068 1080 1093 1110 1132 1165 1335 
250, 253.948737, 1182.000000, 1024, 0.95
626 867 975 1023 1055 1086 1111 1136 1182 1415 
250, 237.666820, 1188.000000, 1024, 0.95
962 1036 1059 1075 1091 1107 1124 1152 1188 1428 
250, 291.423969, 1126.000000, 1024, 0.95
496 604 675 785 970 1024 1060 1090 1126 1267 
300, 207.445279, 1620.000000, 1024, 0.95
1266 1436 1465 1490 1515 1536 1558 1587 1620 1933 
300, 280.896241, 1567.000000, 1024, 0.95
558 625 675 863 991 1416 1493 1531 1567 1697 
300, 225.464787, 1613.000000, 1024, 0.95
722 1193 1313 1426 1470 1508 1540 1573 1613 1806 
300, 213.152605, 1591.000000, 1024, 0.95
1100 1375 1446 1471 1494 1518 1546 1568 1591 1779 
300, 211.032762, 1613.000000, 1024, 0.95
1034 1388 1458 1485 1501 1520 1541 1572 1613 1836 
350, 188.011058, 2142.000000, 1024, 0.95
1101 1881 1944 1974 2003 2035 2064 2099 2142 2404 
350, 229.011333, 2056.000000, 1024, 0.95
716 828 951 1538 1891 1957 1989 2018 2056 2294 
350, 186.926633, 2090.000000, 1024, 0.95
1305 1914 1949 1971 1990 2010 2035 2062 2090 2297 
350, 199.091210, 2071.000000, 1024, 0.95
1228 1467 1733 1865 1932 1975 2007 2032 2071 2381 
350, 187.524896, 2125.000000, 1024, 0.95
1258 1885 1952 1984 2009 2034 2061 2085 2125 2435 
400, 171.729450, 2670.000000, 1024, 0.95
1428 2361 2462 2484 2503 2524 2545 2576 2670 3162 
400, 178.786437, 2652.000000, 1024, 0.95
1613 1742 2222 2459 2511 2543 2566 2598 2652 2997 
400, 179.971536, 2614.000000, 1024, 0.95
1246 1899 2393 2433 2465 2490 2522 2550 2614 2855 
400, 171.151435, 2647.000000, 1024, 0.95
1518 2371 2433 2469 2492 2516 2550 2602 2647 3087 
400, 173.295714, 2673.000000, 1024, 0.95
1493 2255 2416 2459 2491 2529 2574 2612 2673 3065 
450, 399.311588, 1753.000000, 1024, 0.95
776 817 848 888 933 1001 1248 1455 1753 2348 
450, 158.421199, 3310.000000, 1024, 0.95
1449 2794 3010 3057 3103 3157 3207 3246 3310 4000 
450, 191.948963, 3216.000000, 1024, 0.95
866 1080 1577 2440 2962 3041 3091 3147 3216 3579 
450, 162.242200, 3295.000000, 1024, 0.95
1264 2034 3071 3122 3153 3180 3205 3233 3295 3897 
450, 151.813950, 3379.000000, 1024, 0.95
2273 2982 3048 3095 3145 3183 3219 3273 3379 3885 
500, 147.196336, 3932.000000, 1024, 0.95
1745 3049 3657 3737 3783 3813 3842 3879 3932 4672 
500, 152.406637, 3967.000000, 1024, 0.95
1452 2505 3492 3715 3754 3789 3826 3879 3967 4297 
500, 145.187708, 4007.000000, 1024, 0.95
1946 3205 3648 3750 3791 3832 3882 3932 4007 4409 
500, 145.572842, 3958.000000, 1024, 0.95
2081 3329 3665 3716 3746 3787 3833 3889 3958 4232 
500, 169.431674, 3942.000000, 1024, 0.95
1192 1466 2304 3310 3682 3749 3788 3850 3942 4372 
550, 137.423436, 4765.000000, 1024, 0.95
2164 3319 4289 4395 4470 4528 4595 4671 4765 5139 
550, 137.969848, 4781.000000, 1024, 0.95
2212 3090 4287 4440 4493 4538 4594 4654 4781 5288 
550, 143.137313, 4681.000000, 1024, 0.95
1884 2474 4009 4387 4498 4543 4576 4612 4681 5133 
550, 136.020209, 4728.000000, 1024, 0.95
2168 3952 4245 4373 4456 4516 4566 4617 4728 5340 
550, 143.646706, 4727.000000, 1024, 0.95
1668 2224 4135 4409 4495 4546 4581 4625 4727 5383 
600, 137.684352, 5484.000000, 1024, 0.95
1910 2766 4067 5088 5181 5242 5290 5333 5484 6010 
600, 142.655940, 5481.000000, 1024, 0.95
1737 2531 3440 4666 5157 5228 5304 5386 5481 6048 
600, 127.837102, 5551.000000, 1024, 0.95
2412 4037 5021 5196 5267 5306 5357 5436 5551 6480 
600, 136.230385, 5437.000000, 1024, 0.95
1764 2846 4256 4992 5218 5283 5320 5364 5437 6129 
600, 131.103491, 5505.000000, 1024, 0.95
2212 3722 4786 5153 5226 5260 5292 5354 5505 6010 
650, 130.092427, 6241.000000, 1024, 0.95
2648 3896 4144 5210 5886 5972 6025 6113 6241 6683 
650, 143.850781, 6385.000000, 1024, 0.95
1478 1884 2847 4446 5732 6061 6180 6281 6385 7051 
650, 124.884859, 6242.000000, 1024, 0.95
2587 4055 5022 5873 5990 6046 6122 6182 6242 7217 
650, 134.020452, 6329.000000, 1024, 0.95
1859 2303 4104 5639 5940 6050 6110 6167 6329 7249 
650, 127.134902, 6204.000000, 1024, 0.95
2380 3144 5177 5889 5961 6017 6056 6086 6204 7367 
700, 116.860307, 7231.000000, 1024, 0.95
2685 4958 6356 6804 6874 6925 6978 7075 7231 7708 
700, 116.883575, 7232.000000, 1024, 0.95
2751 4386 6471 6759 6842 6938 6998 7094 7232 8294 
700, 123.462792, 7132.000000, 1024, 0.95
2226 3906 4831 6604 6882 6934 6982 7037 7132 7491 
700, 119.569907, 7232.000000, 1024, 0.95
2810 4178 5660 6689 6834 6919 7040 7135 7232 7856 
700, 116.830705, 7356.000000, 1024, 0.95
2525 4390 6071 6865 6972 7041 7153 7255 7356 7843 
750, 112.118749, 8411.000000, 1024, 0.95
2822 4436 6405 7257 7930 8022 8124 8259 8411 9090 
750, 112.400820, 8298.000000, 1024, 0.95
2721 4706 6084 7582 7986 8069 8136 8205 8298 8981 
750, 119.017410, 8225.000000, 1024, 0.95
2500 3209 5086 7035 7836 7905 7980 8067 8225 9339 
750, 114.348880, 8401.000000, 1024, 0.95
2605 4355 6041 7513 7795 7869 8017 8177 8401 8883 
750, 113.367249, 8232.000000, 1024, 0.95
2457 3950 6922 7764 7824 7891 7963 8055 8232 9193 
800, 109.385996, 9437.000000, 1024, 0.95
2840 4983 6403 8348 8716 8839 8955 9155 9437 10194 
800, 106.294646, 9227.000000, 1024, 0.95
2837 4994 7791 8759 8923 9001 9064 9114 9227 10265 
800, 116.185122, 9133.000000, 1024, 0.95
2635 3982 5249 7139 8471 8730 8925 9013 9133 10088 
800, 105.706692, 9346.000000, 1024, 0.95
3005 5309 7412 8705 8814 8972 9107 9235 9346 10527 
800, 112.359761, 9168.000000, 1024, 0.95
2585 3879 6145 8459 8709 8802 8924 8996 9168 10309 
850, 108.126985, 10189.000000, 1024, 0.95
1773 4801 6942 8877 9709 9954 10028 10095 10189 11311 
850, 102.567396, 10777.000000, 1024, 0.95
2963 5286 6787 8893 10304 10463 10533 10632 10777 11195 
850, 110.254895, 10319.000000, 1024, 0.95
2508 3984 6068 8048 9679 10033 10101 10158 10319 11210 
850, 101.845848, 10696.000000, 1024, 0.95
2893 5274 7219 9804 10004 10117 10306 10508 10696 11865 
850, 109.569595, 10403.000000, 1024, 0.95
2578 4281 6350 7884 9759 9938 10115 10273 10403 11042 
900, 101.907486, 11698.000000, 1024, 0.95
2673 4611 7023 10198 11167 11264 11390 11481 11698 12619 
900, 105.239690, 11421.000000, 1024, 0.95
2528 4512 7160 9097 10662 10994 11079 11194 11421 12565 
900, 101.607791, 11797.000000, 1024, 0.95
2966 5455 7192 9411 10913 11114 11173 11311 11797 12877 
900, 99.166513, 11937.000000, 1024, 0.95
2997 5566 8232 10309 10942 11071 11290 11482 11937 13134 
900, 97.841816, 11986.000000, 1024, 0.95
3228 5639 7912 10416 11045 11384 11540 11766 11986 12854 
5, 1087.434827, 6.000000, 128, 0.05
3 3 3 4 4 4 5 5 6 21 
5, 1115.276292, 6.000000, 128, 0.05
3 3 3 3 4 4 4 5 6 27 
5, 1078.208467, 6.000000, 128, 0.05
3 3 3 4 4 4 5 5 6 32 
5, 1077.501670, 6.000000, 128, 0.05
3 3 3 4 4 4 5 5 6 25 
5, 1075.008267, 6.000000, 128, 0.05
3 3 3 4 4 4 5 5 6 37 
50, 1142.456502, 47.000000, 128, 0.05
38 39 40 41 42 43 44 45 47 218 
50, 1124.531621, 48.000000, 128, 0.05
38 40 41 42 42 43 44 46 48 285 
50, 1135.887014, 47.000000, 128, 0.05
38 40 41 41 42 43 44 45 47 268 
50, 1096.002792, 48.000000, 128, 0.05
39 41 42 43 43 44 45 46 48 276 
50, 1099.837223, 49.000000, 128, 0.05
40 41 42 43 44 45 46 47 49 223 
100, 1092.415744, 108.000000, 128, 0.05
70 76 80 85 88 91 96 100 108 354 
100, 1127.764258, 103.000000, 128, 0.05
69 75 78 82 84 87 90 95 103 500 
100, 1095.407992, 105.000000, 128, 0.05
72 77 81 84 87 91 94 99 105 386 
100, 1090.221246, 108.000000, 128, 0.05
72 77 82 85 89 92 95 99 108 324 
100, 1070.073916, 109.000000, 128, 0.05
74 80 84 87 91 93 97 102 109 337 
150, 1070.202186, 166.000000, 128, 0.05
110 116 124 131 136 141 145 152 166 451 
150, 1062.162373, 161.000000, 128, 0.05
111 120 126 131 136 141 146 153 161 660 
150, 1018.897167, 174.000000, 128, 0.05
115 123 130 137 142 146 152 160 174 454 
150, 1049.872391, 168.000000, 128, 0.05
113 118 125 131 137 143 149 158 168 429 
150, 1028.410474, 172.000000, 128, 0.05
114 122 127 134 142 147 154 162 172 436 
200, 995.520626, 230.000000, 128, 0.05
157 170 179 184 193 200 207 214 230 640 
200, 974.237791, 235.000000, 128, 0.05
163 178 187 193 198 204 210 219 235 590 
200, 959.263779, 241.000000, 128, 0.05
167 178 188 195 202 208 215 225 241 602 
200, 929.930855, 246.000000, 128, 0.05
171 187 196 202 208 214 220 229 246 605 
200, 1001.866621, 216.000000, 128, 0.05
160 171 178 185 192 196 202 208 216 948 
250, 899.383966, 311.000000, 128, 0.05
225 241 251 258 266 276 285 293 311 797 
250, 925.286036, 298.000000, 128, 0.05
221 237 245 250 256 262 271 281 298 1088 
250, 935.599634, 311.000000, 128, 0.05
209 224 235 245 254 261 272 286 311 1132 
250, 916.874136, 313.000000, 128, 0.05
221 234 247 255 264 272 281 293 313 739 
250, 892.857755, 319.000000, 128, 0.05
226 240 251 259 266 274 282 296 319 799 
300, 877.202273, 386.000000, 128, 0.05
270 288 302 318 328 337 349 362 386 1296 
300, 879.074554, 386.000000, 128, 0.05
268 294 308 321 333 346 355 368 386 791 
300, 858.377738, 385.000000, 128, 0.05
280 302 319 330 341 348 355 365 385 819 
300, 875.450184, 408.000000, 128, 0.05
270 286 302 317 331 343 356 375 408 741 
300, 830.936720, 396.000000, 128, 0.05
300 323 335 342 351 360 369 380 396 858 
350, 894.885797, 444.000000, 128, 0.05
315 329 343 354 371 385 398 419 444 1384 
350, 858.350580, 467.000000, 128, 0.05
331 351 367 381 393 405 418 433 467 949 
350, 814.985186, 484.000000, 128, 0.05
330 357 380 399 411 423 436 449 484 1170 
350, 822.819388, 510.000000, 128, 0.05
334 361 377 394 409 419 437 457 510 999 
350, 830.303385, 477.000000, 128, 0.05
334 360 376 391 408 421 434 453 477 1011 
400, 839.274968, 565.000000, 128, 0.05
376 394 407 427 443 459 485 517 565 1667 
400, 848.877236, 531.000000, 128, 0.05
387 408 422 438 456 467 484 504 531 1060 
400, 823.862141, 585.000000, 128, 0.05
347 384 426 453 474 499 516 531 585 1106 
400, 850.969635, 558.000000, 128, 0.05
372 395 413 422 434 448 481 521 558 1103 
450, 859.854146, 608.000000, 128, 0.05
387 428 460 479 493 516 533 567 608 1847 
450, 834.213539, 623.000000, 128, 0.05
420 440 460 484 505 529 550 578 623 1801 
450, 861.031305, 600.000000, 128, 0.05
419 453 469 481 491 503 521 555 600 1218 
450, 824.547281, 633.000000, 128, 0.05
425 457 474 502 549 571 591 606 633 1052 
500, 835.367867, 729.000000, 128, 0.05
477 503 525 544 559 575 598 630 729 1373 
500, 723.175242, 804.000000, 128, 0.05
511 539 565 588 614 641 663 712 804 2351 
500, 786.008250, 727.000000, 128, 0.05
503 533 573 601 619 636 653 683 727 1707 
500, 822.238465, 747.000000, 128, 0.05
429 458 518 552 577 606 632 674 747 1479 
500, 774.922245, 727.000000, 128, 0.05
510 550 572 599 613 630 656 686 727 2101 
550, 810.051695, 708.000000, 128, 0.05
514 540 555 576 592 605 618 633 708 2978 
550, 753.006622, 850.000000, 128, 0.05
552 611 654 684 703 729 762 798 850 2212 
550, 790.940859, 827.000000, 128, 0.05
549 574 592 620 655 695 726 749 827 1462 
550, 802.391149, 774.000000, 128, 0.05
568 595 614 629 648 675 702 740 774 1327 
550, 806.396376, 784.000000, 128, 0.05
503 535 564 585 601 618 648 687 784 2268 
600, 818.128295, 819.000000, 128, 0.05
549 596 629 656 679 704 735 770 819 1798 
600, 788.897251, 858.000000, 128, 0.05
600 650 686 706 738 756 783 815 858 1532 
600, 844.633056, 870.000000, 128, 0.05
554 591 616 635 653 686 724 779 870 1441 
600, 857.173190, 833.000000, 128, 0.05
541 580 615 631 649 672 700 725 833 1595 
600, 785.445936, 928.000000, 128, 0.05
567 584 608 651 719 766 812 854 928 1717 
650, 775.899603, 929.000000, 128, 0.05
708 736 756 773 787 800 821 849 929 2642 
650, 789.885933, 996.000000, 128, 0.05
661 690 715 730 746 775 832 883 996 1723 
650, 801.363462, 958.000000, 128, 0.05
642 702 727 746 772 790 821 877 958 1510 
650, 785.605512, 1057.000000, 128, 0.05
633 658 675 704 750 779 816 873 1057 2881 
650, 830.482386, 918.000000, 128, 0.05
611 650 670 692 712 740 789 832 918 2203 
700, 774.533289, 1044.000000, 128, 0.05
726 755 783 808 831 867 906 956 1044 2401 
700, 814.015848, 1045.000000, 128, 0.05
657 690 738 762 780 807 890 941 1045 1898 
700, 807.188617, 998.000000, 128, 0.05
661 715 736 771 815 846 863 902 998 1826 
700, 795.877870, 1140.000000, 128, 0.05
636 705 741 764 811 848 916 974 1140 1772 
750, 845.865057, 1042.000000, 128, 0.05
686 724 763 800 827 859 886 922 1042 2292 
750, 795.853623, 1127.000000, 128, 0.05
777 819 839 855 871 886 906 940 1127 2808 
750, 751.476876, 1211.000000, 128, 0.05
745 812 855 885 950 1003 1039 1128 1211 1860 
750, 806.478671, 1200.000000, 128, 0.05
633 732 776 812 849 871 907 960 1200 2822 
750, 746.131197, 1167.000000, 128, 0.05
809 843 875 903 924 954 1005 1051 1167 2501 
800, 699.445152, 1324.000000, 128, 0.05
879 956 1027 1059 1094 1142 1201 1245 1324 2540 
800, 780.428684, 1173.000000, 128, 0.05
803 867 900 932 957 995 1027 1049 1173 2953 
800, 767.923256, 1206.000000, 128, 0.05
853 891 928 952 970 996 1027 1085 1206 2562 
800, 672.661292, 1379.000000, 128, 0.05
901 937 986 1019 1043 1077 1139 1205 1379 4150 
800, 805.246439, 1168.000000, 128, 0.05
787 878 896 910 924 942 968 1008 1168 2450 
850, 686.257971, 1489.000000, 128, 0.05
981 1064 1081 1113 1177 1215 1252 1326 1489 2341 
850, 738.152213, 1502.000000, 128, 0.05
866 913 948 1002 1040 1097 1125 1172 1502 3141 
850, 718.506892, 1429.000000, 128, 0.05
936 981 1030 1059 1100 1128 1171 1246 1429 2776 
850, 765.186416, 1446.000000, 128, 0.05
878 911 935 953 996 1057 1099 1176 1446 2743 
900, 783.083364, 1516.000000, 128, 0.05
872 933 963 986 1004 1059 1096 1186 1516 3680 
900, 821.960155, 1326.000000, 128, 0.05
836 880 948 999 1039 1066 1097 1138 1326 2575 
900, 731.582959, 1541.000000, 128, 0.05
969 1024 1089 1120 1153 1179 1204 1236 1541 2528 
900, 806.911893, 1582.000000, 128, 0.05
759 834 916 980 1008 1037 1107 1211 1582 2956 
900, 766.506921, 1551.000000, 128, 0.05
918 942 962 999 1036 1093 1176 1283 1551 2944 
5, 1097.593838, 6.000000, 128, 0.5
3 3 3 3 4 4 4 5 6 25 
5, 1121.447030, 6.000000, 128, 0.5
3 3 3 3 4 4 4 5 6 35 
5, 1131.360717, 5.000000, 128, 0.5
3 3 3 3 4 4 4 5 5 19 
5, 1121.933663, 6.000000, 128, 0.5
3 3 3 3 4 4 4 5 6 23 
5, 1167.413084, 5.000000, 128, 0.5
3 3 3 3 3 4 4 5 5 22 
50, 1005.331698, 56.000000, 128, 0.5
41 43 44 46 49 50 52 54 56 227 
50, 1056.955120, 55.000000, 128, 0.5
38 40 41 42 45 48 50 52 55 192 
50, 1044.197028, 53.000000, 128, 0.5
40 42 43 45 47 48 50 51 53 208 
50, 1030.395619, 54.000000, 128, 0.5
41 43 44 46 47 49 50 52 54 181 
50, 1084.464077, 52.000000, 128, 0.5
39 40 42 43 44 46 47 49 52 216 
100, 981.234017, 126.000000, 128, 0.5
76 83 89 93 98 103 108 115 126 369 
100, 999.292119, 123.000000, 128, 0.5
77 83 87 93 96 101 106 112 123 320 
100, 1007.541851, 121.000000, 128, 0.5
73 80 85 90 95 100 106 112 121 518 
100, 998.346942, 124.000000, 128, 0.5
73 82 87 92 96 102 108 114 124 344 
100, 999.004821, 124.000000, 128, 0.5
75 81 85 89 95 101 108 116 124 376 
150, 927.463830, 207.000000, 128, 0.5
121 131 137 144 150 161 172 188 207 652 
150, 936.535842, 209.000000, 128, 0.5
116 126 133 139 147 157 176 190 209 695 
150, 946.044915, 204.000000, 128, 0.5
121 129 135 140 147 155 168 184 204 454 
150, 953.156904, 198.000000, 128, 0.5
118 128 137 143 149 156 164 181 198 455 
150, 918.947109, 201.000000, 128, 0.5
127 135 143 150 156 163 172 181 201 436 
200, 881.236275, 300.000000, 128, 0.5
158 175 191 203 217 229 245 267 300 645 
200, 905.746316, 292.000000, 128, 0.5
162 174 183 194 206 217 231 251 292 640 
200, 911.407562, 276.000000, 128, 0.5
156 171 187 196 206 218 233 250 276 664 
200, 894.643037, 302.000000, 128, 0.5
165 183 193 202 209 217 228 248 302 622 
200, 853.466708, 299.000000, 128, 0.5
177 189 202 214 225 235 251 269 299 519 
250, 815.144311, 373.000000, 128, 0.5
232 254 271 282 297 312 324 342 373 807 
250, 817.356963, 436.000000, 128, 0.5
218 232 249 265 277 296 327 383 436 724 
250, 863.443967, 377.000000, 128, 0.5
221 235 247 260 275 286 299 318 377 749 
250, 828.887381, 400.000000, 128, 0.5
220 237 249 259 273 293 328 366 400 1082 
250, 897.690559, 327.000000, 128, 0.5
223 238 249 257 264 274 286 296 327 742 
300, 795.535507, 493.000000, 128, 0.5
291 312 328 338 346 358 383 427 493 1289 
300, 881.476895, 398.000000, 128, 0.5
256 288 304 318 330 341 352 368 398 851 
300, 796.194738, 504.000000, 128, 0.5
265 287 319 336 353 368 389 423 504 884 
300, 748.901823, 546.000000, 128, 0.5
303 328 347 357 369 389 418 465 546 771 
300, 783.036687, 560.000000, 128, 0.5
267 292 314 336 350 370 407 459 560 806 
350, 736.825530, 640.000000, 128, 0.5
344 368 389 403 423 456 510 578 640 1658 
350, 801.214055, 586.000000, 128, 0.5
323 351 371 389 405 426 450 474 586 999 
350, 746.218168, 573.000000, 128, 0.5
340 383 406 428 452 482 509 535 573 1431 
350, 812.030899, 510.000000, 128, 0.5
334 364 386 401 419 431 442 464 510 927 
350, 878.845463, 495.000000, 128, 0.5
296 324 340 354 368 389 410 429 495 989 
400, 780.090379, 716.000000, 128, 0.5
349 404 435 456 478 512 535 575 716 1071 
400, 878.805439, 578.000000, 128, 0.5
348 376 392 406 417 433 456 496 578 1619 
400, 799.847431, 797.000000, 128, 0.5
363 384 404 416 430 450 487 539 797 1235 
400, 725.685357, 753.000000, 128, 0.5
367 401 446 476 513 560 635 694 753 1109 
400, 888.762031, 588.000000, 128, 0.5
320 342 370 396 414 430 454 475 588 1233 
450, 727.918566, 903.000000, 128, 0.5
412 462 496 514 532 559 636 823 903 1370 
450, 748.489537, 930.000000, 128, 0.5
422 459 474 498 525 551 589 678 930 2035 
450, 633.409637, 948.000000, 128, 0.5
473 516 541 578 648 803 866 907 948 1380 
450, 906.339129, 601.000000, 128, 0.5
389 415 432 443 467 493 519 546 601 1074 
450, 608.089834, 1116.000000, 128, 0.5
443 491 526 570 650 749 903 1060 1116 1413 
500, 653.814467, 1092.000000, 128, 0.5
495 560 599 636 691 785 892 964 1092 1448 
500, 835.373430, 664.000000, 128, 0.5
473 490 507 525 548 571 589 615 664 1403 
500, 793.324637, 785.000000, 128, 0.5
471 492 523 555 578 610 661 714 785 1399 
500, 793.195355, 851.000000, 128, 0.5
422 445 486 528 565 641 726 779 851 1417 
500, 596.743876, 1241.000000, 128, 0.5
513 556 586 630 691 937 1047 1114 1241 1647 
550, 580.790316, 1335.000000, 128, 0.5
611 640 679 735 811 1135 1186 1233 1335 1549 
550, 665.750117, 999.000000, 128, 0.5
619 675 713 744 781 832 880 926 999 2415 
550, 742.418955, 830.000000, 128, 0.5
586 630 661 680 703 721 740 768 830 2328 
550, 725.833278, 1060.000000, 128, 0.5
541 601 630 655 686 722 807 882 1060 2339 
550, 718.204490, 918.000000, 128, 0.5
565 602 636 665 706 780 818 857 918 2494 
600, 798.180026, 1095.000000, 128, 0.5
526 572 605 619 638 664 716 901 1095 2496 
600, 617.341301, 1363.000000, 128, 0.5
637 672 713 781 835 1030 1207 1304 1363 1810 
600, 741.345405, 1296.000000, 128, 0.5
583 609 634 651 674 730 837 942 1296 1586 
600, 777.619353, 946.000000, 128, 0.5
582 626 646 677 737 771 792 845 946 2253 
600, 525.956851, 1698.000000, 128, 0.5
673 731 771 828 1010 1354 1433 1573 1698 1948 
650, 637.251963, 1640.000000, 128, 0.5
542 578 619 658 933 1253 1316 1396 1640 1878 
650, 693.023653, 1462.000000, 128, 0.5
586 634 681 729 775 824 1104 1257 1462 1883 
650, 806.473302, 1091.000000, 128, 0.5
591 625 649 684 720 749 783 837 1091 2498 
650, 696.874990, 1335.000000, 128, 0.5
680 716 753 800 825 861 891 1034 1335 2091 
650, 690.751231, 1244.000000, 128, 0.5
643 774 822 856 885 918 972 1085 1244 1791 
700, 698.240290, 1669.000000, 128, 0.5
605 631 645 675 788 1034 1178 1385 1669 2924 
700, 579.805517, 1862.000000, 128, 0.5
670 713 752 874 1040 1393 1569 1712 1862 2152 
700, 845.549510, 994.000000, 128, 0.5
611 644 694 730 760 796 822 891 994 1844 
700, 464.374830, 2281.000000, 128, 0.5
744 826 871 941 1243 2053 2156 2206 2281 2573 
700, 696.262807, 1321.000000, 128, 0.5
662 745 803 835 901 1037 1166 1231 1321 2150 
750, 575.195289, 1797.000000, 128, 0.5
776 862 905 971 1228 1522 1615 1691 1797 3422 
750, 640.199676, 1596.000000, 128, 0.5
799 867 924 964 1001 1248 1352 1435 1596 3152 
750, 735.928319, 1429.000000, 128, 0.5
675 708 787 827 865 918 1136 1317 1429 2137 
750, 551.341524, 2026.000000, 128, 0.5
747 804 881 933 1133 1710 1866 1934 2026 2209 
750, 476.156223, 2520.000000, 128, 0.5
807 920 963 1021 1203 1918 2086 2379 2520 2992 
800, 555.756225, 2075.000000, 128, 0.5
794 915 988 1038 1237 1733 1892 1952 2075 2421 
800, 630.857991, 1666.000000, 128, 0.5
843 938 987 1047 1189 1402 1460 1506 1666 2947 
800, 560.941271, 2015.000000, 128, 0.5
905 989 1032 1086 1310 1680 1761 1824 2015 3092 
800, 708.432554, 1726.000000, 128, 0.5
732 810 832 861 918 1017 1172 1501 1726 3142 
800, 664.232686, 1803.000000, 128, 0.5
727 779 842 895 975 1147 1339 1639 1803 3194 
850, 724.861307, 1474.000000, 128, 0.5
782 856 963 1083 1134 1193 1247 1307 1474 2853 
850, 718.618953, 1612.000000, 128, 0.5
809 839 884 919 994 1249 1326 1410 1612 3501 
850, 629.379231, 1844.000000, 128, 0.5
909 989 1037 1100 1156 1343 1550 1758 1844 3615 
850, 741.725786, 1795.000000, 128, 0.5
773 842 911 951 984 1023 1073 1291 1795 3103 
850, 586.630066, 2089.000000, 128, 0.5
852 896 925 988 1223 1631 1888 1987 2089 3257 
900, 802.497400, 1646.000000, 128, 0.5
796 868 915 954 995 1052 1098 1188 1646 2819 
900, 391.263875, 3520.000000, 128, 0.5
1205 1267 1341 1493 1953 3004 3234 3361 3520 4461 
900, 707.662029, 1949.000000, 128, 0.5
862 890 924 958 1085 1138 1223 1514 1949 3413 
900, 747.541981, 1954.000000, 128, 0.5
811 851 899 952 987 1037 1078 1442 1954 3461 
5, 1127.930413, 5.000000, 128, 0.95
3 3 3 3 4 4 4 5 5 20 
5, 1118.683243, 5.000000, 128, 0.95
3 3 3 3 4 4 4 5 5 29 
5, 1112.797682, 6.000000, 128, 0.95
3 3 3 3 4 4 4 5 6 36 
5, 1072.480732, 6.000000, 128, 0.95
3 3 3 4 4 4 5 5 6 23 
5, 1113.556116, 6.000000, 128, 0.95
3 3 3 3 4 4 4 5 6 29 
50, 975.705770, 55.000000, 128, 0.95
45 47 48 49 49 50 51 53 55 300 
50, 968.914784, 55.000000, 128, 0.95
44 46 47 49 50 51 52 53 55 392 
50, 986.910406, 54.000000, 128, 0.95
45 46 47 48 49 50 51 52 54 311 
50, 999.927612, 54.000000, 128, 0.95
45 46 47 48 48 49 50 52 54 189 
50, 985.669294, 54.000000, 128, 0.95
45 47 48 49 49 50 51 52 54 223 
100, 881.199474, 136.000000, 128, 0.95
88 95 100 105 110 116 122 127 136 357 
100, 891.370672, 130.000000, 128, 0.95
86 93 99 103 107 111 114 120 130 659 
100, 888.623667, 134.000000, 128, 0.95
85 94 100 105 110 115 120 126 134 377 
100, 908.993459, 127.000000, 128, 0.95
87 94 100 105 109 112 116 120 127 366 
100, 930.470542, 126.000000, 128, 0.95
85 91 96 100 104 109 114 119 126 485 
150, 828.427040, 216.000000, 128, 0.95
133 146 158 170 181 189 195 202 216 716 
150, 846.156393, 211.000000, 128, 0.95
140 148 156 165 172 180 190 200 211 466 
150, 769.659922, 228.000000, 128, 0.95
147 165 177 186 194 202 209 218 228 502 
150, 873.686761, 211.000000, 128, 0.95
131 142 149 156 166 175 186 195 211 446 
150, 829.367360, 216.000000, 128, 0.95
141 151 159 167 175 183 192 202 216 458 
200, 841.109998, 289.000000, 128, 0.95
184 195 206 218 231 241 253 264 289 617 
200, 810.561174, 312.000000, 128, 0.95
191 200 211 222 232 247 259 279 312 667 
200, 881.795643, 277.000000, 128, 0.95
181 191 199 206 214 221 230 246 277 613 
200, 826.636003, 315.000000, 128, 0.95
182 193 202 212 225 246 264 285 315 635 
200, 892.988555, 275.000000, 128, 0.95
173 183 191 200 207 215 227 247 275 998 
250, 813.650579, 391.000000, 128, 0.95
232 247 265 279 294 309 330 356 391 685 
250, 818.608558, 391.000000, 128, 0.95
230 247 260 273 283 296 316 345 391 762 
250, 798.406544, 398.000000, 128, 0.95
238 250 263 278 291 309 332 360 398 749 
250, 767.881271, 426.000000, 128, 0.95
240 258 272 288 307 325 352 392 426 796 
250, 813.048248, 412.000000, 128, 0.95
221 239 251 268 286 301 321 376 412 817 
300, 739.573182, 558.000000, 128, 0.95
296 316 333 350 368 390 447 516 558 796 
300, 729.540223, 551.000000, 128, 0.95
294 324 346 367 391 407 457 490 551 749 
300, 831.171757, 448.000000, 128, 0.95
277 293 311 325 341 358 378 408 448 829 
300, 688.718587, 560.000000, 128, 0.95
297 328 358 383 417 447 495 530 560 1426 
300, 811.601654, 467.000000, 128, 0.95
298 309 323 334 343 357 375 413 467 883 
350, 657.976703, 671.000000, 128, 0.95
390 429 457 495 525 549 576 608 671 1437 
350, 666.750275, 702.000000, 128, 0.95
394 420 449 485 514 530 552 586 702 1000 
350, 769.150626, 627.000000, 128, 0.95
333 355 372 393 412 434 467 528 627 1462 
350, 763.556723, 563.000000, 128, 0.95
355 374 392 416 435 454 477 515 563 1021 
350, 750.646417, 605.000000, 128, 0.95
340 369 393 420 442 467 489 523 605 1518 
400, 759.457853, 637.000000, 128, 0.95
404 433 459 486 507 528 553 588 637 1089 
400, 803.268203, 665.000000, 128, 0.95
374 405 421 430 441 456 478 506 665 1288 
400, 556.452785, 847.000000, 128, 0.95
575 621 664 704 728 748 776 800 847 1128 
400, 655.825658, 866.000000, 128, 0.95
404 426 452 503 543 593 713 783 866 1343 
400, 792.888518, 607.000000, 128, 0.95
384 404 429 450 477 501 530 558 607 1165 
450, 789.392686, 821.000000, 128, 0.95
425 441 454 469 506 549 579 649 821 1303 
450, 609.630459, 1028.000000, 128, 0.95
474 514 580 618 680 773 874 971 1028 1227 
450, 832.042659, 688.000000, 128, 0.95
425 449 467 488 505 520 539 564 688 1137 
450, 648.724886, 855.000000, 128, 0.95
476 541 594 633 694 738 769 806 855 1324 
450, 495.496420, 1113.000000, 128, 0.95
702 759 803 852 909 955 995 1046 1113 1442 
500, 637.707127, 1008.000000, 128, 0.95
552 614 652 692 757 818 868 936 1008 2253 
500, 839.677504, 702.000000, 128, 0.95
482 495 509 522 534 561 597 645 702 1441 
500, 798.551834, 860.000000, 128, 0.95
478 496 507 527 562 613 648 686 860 2081 
500, 603.380035, 1194.000000, 128, 0.95
526 566 642 699 748 875 949 1035 1194 2279 
500, 762.941165, 951.000000, 128, 0.95
470 493 512 533 550 582 628 886 951 2059 
550, 681.603265, 1049.000000, 128, 0.95
594 640 680 709 763 810 872 923 1049 1607 
550, 776.408329, 868.000000, 128, 0.95
534 555 574 596 660 699 758 790 868 2280 
550, 835.125239, 838.000000, 128, 0.95
485 529 552 572 589 622 664 712 838 2269 
550, 683.973466, 1300.000000, 128, 0.95
541 573 623 672 719 763 826 1012 1300 1570 
550, 715.618384, 1013.000000, 128, 0.95
562 621 664 696 723 746 790 874 1013 1431 
600, 663.518694, 1178.000000, 128, 0.95
671 714 752 783 828 878 1034 1127 1178 1667 
600, 746.704792, 1118.000000, 128, 0.95
594 617 634 663 695 739 812 945 1118 1846 
600, 657.681044, 1336.000000, 128, 0.95
609 633 725 768 843 937 997 1075 1336 1729 
600, 837.314748, 917.000000, 128, 0.95
574 597 615 637 659 677 700 743 917 1528 
600, 813.071061, 927.000000, 128, 0.95
555 597 617 641 663 688 714 746 927 2606 
650, 569.322179, 1479.000000, 128, 0.95
637 724 900 1060 1216 1295 1351 1416 1479 1889 
650, 477.008773, 1774.000000, 128, 0.95
899 1173 1224 1265 1323 1413 1489 1612 1774 2836 
650, 658.166255, 1279.000000, 128, 0.95
665 717 796 843 924 1063 1133 1179 1279 2786 
650, 769.265598, 1165.000000, 128, 0.95
655 677 691 702 713 726 746 961 1165 2043 
650, 704.107321, 1238.000000, 128, 0.95
631 661 700 736 826 997 1094 1154 1238 1683 
700, 359.369176, 2276.000000, 128, 0.95
1362 1773 1864 1932 2040 2135 2179 2225 2276 2558 
700, 770.419858, 1137.000000, 128, 0.95
708 727 748 771 800 852 930 983 1137 2549 
700, 699.266685, 1363.000000, 128, 0.95
675 721 747 808 876 970 1106 1275 1363 2137 
700, 634.488536, 1482.000000, 128, 0.95
739 794 887 998 1059 1110 1228 1363 1482 1961 
700, 505.031085, 1602.000000, 128, 0.95
1077 1265 1313 1352 1372 1411 1465 1516 1602 2062 
750, 663.765363, 1464.000000, 128, 0.95
867 917 953 996 1042 1096 1166 1256 1464 3084 
750, 630.114972, 1478.000000, 128, 0.95
861 955 996 1040 1154 1243 1305 1396 1478 1946 
750, 672.040185, 1414.000000, 128, 0.95
851 895 927 1001 1030 1057 1164 1256 1414 2116 
750, 720.430466, 1419.000000, 128, 0.95
713 753 793 858 919 983 1126 1211 1419 2911 
750, 598.012967, 1843.000000, 128, 0.95
769 857 928 1001 1098 1187 1553 1706 1843 2138 
800, 708.509453, 1638.000000, 128, 0.95
810 855 919 945 991 1029 1087 1259 1638 3080 
800, 511.842204, 2153.000000, 128, 0.95
940 1061 1294 1349 1448 1627 1824 1931 2153 2921 
800, 680.705562, 1623.000000, 128, 0.95
788 884 939 1009 1105 1183 1245 1375 1623 3038 
800, 702.447123, 1499.000000, 128, 0.95
796 845 889 976 1045 1091 1244 1299 1499 3363 
800, 549.128131, 1809.000000, 128, 0.95
1185 1255 1294 1332 1400 1460 1540 1686 1809 3025 
850, 714.286507, 1639.000000, 128, 0.95
834 876 913 939 1000 1266 1375 1460 1639 2827 
850, 348.405066, 3014.000000, 128, 0.95
1540 1898 2147 2390 2682 2755 2827 2920 3014 3301 
850, 573.013168, 1901.000000, 128, 0.95
833 953 1117 1380 1591 1674 1767 1817 1901 2547 
850, 372.681409, 3170.000000, 128, 0.95
1628 1753 1875 1971 2090 2404 2770 3033 3170 3436 
900, 361.823251, 3494.000000, 128, 0.95
1450 1961 2028 2107 2204 2605 3082 3304 3494 4849 
900, 329.280416, 3513.000000, 128, 0.95
1703 2207 2534 2615 2696 2919 3207 3332 3513 4000 
900, 477.037345, 2287.000000, 128, 0.95
655 1632 1812 1911 2009 2065 2109 2163 2287 4686 
900, 651.868110, 1918.000000, 128, 0.95
997 1094 1155 1204 1252 1286 1321 1538 1918 3256 
5, 1096.578506, 6.000000, 16, 0.05
3 3 3 3 4 4 5 5 6 32 
5, 1041.029560, 6.000000, 16, 0.05
3 3 3 4 4 4 5 5 6 27 
5, 1095.473824, 6.000000, 16, 0.05
3 3 3 4 4 4 5 5 6 24 
5, 1072.081532, 6.000000, 16, 0.05
3 3 3 4 4 4 5 5 6 33 
5, 1122.027245, 5.000000, 16, 0.05
3 3 3 3 4 4 4 5 5 23 
50, 1116.414411, 49.000000, 16, 0.05
38 40 41 42 43 44 45 46 49 307 
50, 1153.401531, 46.000000, 16, 0.05
38 40 41 41 42 43 44 45 46 176 
50, 1116.169995, 48.000000, 16, 0.05
39 40 41 42 43 44 45 46 48 255 
50, 1128.569500, 48.000000, 16, 0.05
38 40 41 42 43 44 45 46 48 179 
50, 1104.908798, 48.000000, 16, 0.05
40 41 42 43 44 45 45 46 48 222 
100, 1056.677177, 113.000000, 16, 0.05
73 79 84 88 90 94 99 104 113 374 
100, 1070.679731, 107.000000, 16, 0.05
75 79 83 86 89 92 96 100 107 506 
100, 1071.731156, 109.000000, 16, 0.05
75 80 83 87 91 94 97 102 109 312 
100, 1100.904731, 107.000000, 16, 0.05
72 77 81 84 88 91 95 99 107 327 
100, 1082.164471, 109.000000, 16, 0.05
73 77 81 85 88 91 96 102 109 365 
150, 997.821964, 174.000000, 16, 0.05
119 130 137 143 148 153 158 164 174 411 
150, 1009.068239, 176.000000, 16, 0.05
116 127 133 139 144 150 156 165 176 386 
150, 1061.117275, 162.000000, 16, 0.05
116 123 128 132 135 139 142 146 162 708 
150, 1038.362734, 170.000000, 16, 0.05
114 122 128 134 140 146 152 159 170 409 
150, 997.492789, 180.000000, 16, 0.05
116 126 133 140 146 151 156 165 180 446 
200, 1006.775897, 222.000000, 16, 0.05
154 172 183 189 193 198 204 210 222 815 
200, 943.213251, 237.000000, 16, 0.05
175 188 195 201 207 212 217 224 237 584 
200, 963.718731, 235.000000, 16, 0.05
162 177 187 195 202 208 216 224 235 625 
200, 966.622426, 240.000000, 16, 0.05
165 177 186 193 200 206 214 223 240 595 
200, 946.235549, 237.000000, 16, 0.05
178 187 195 202 207 212 218 224 237 556 
250, 916.662682, 313.000000, 16, 0.05
223 235 246 254 260 267 276 286 313 1106 
250, 922.244192, 296.000000, 16, 0.05
222 237 247 256 263 270 277 285 296 757 
250, 895.026351, 314.000000, 16, 0.05
226 243 252 260 267 272 280 292 314 1091 
250, 954.303494, 320.000000, 16, 0.05
199 223 232 241 250 262 278 290 320 686 
250, 908.595854, 308.000000, 16, 0.05
228 241 251 259 266 273 283 294 308 740 
300, 876.594280, 378.000000, 16, 0.05
274 294 309 319 330 340 350 363 378 1245 
300, 886.338046, 387.000000, 16, 0.05
275 292 307 321 330 339 350 365 387 758 
300, 861.471745, 399.000000, 16, 0.05
274 291 308 328 340 352 366 381 399 872 
300, 941.376946, 369.000000, 16, 0.05
252 273 288 299 308 318 329 347 369 774 
300, 875.528536, 376.000000, 16, 0.05
290 307 316 322 329 336 348 360 376 1180 
350, 877.664135, 448.000000, 16, 0.05
313 336 356 373 386 398 411 429 448 1325 
350, 888.423248, 474.000000, 16, 0.05
283 322 343 365 380 405 421 439 474 941 
350, 846.007877, 466.000000, 16, 0.05
329 347 369 387 409 422 435 447 466 902 
350, 839.740928, 463.000000, 16, 0.05
334 357 378 391 401 414 426 443 463 1422 
350, 866.628802, 469.000000, 16, 0.05
316 339 360 375 386 398 416 436 469 976 
400, 868.666924, 536.000000, 16, 0.05
354 381 396 415 435 455 476 495 536 1579 
400, 803.638559, 568.000000, 16, 0.05
402 430 449 466 481 494 513 533 568 1714 
400, 798.223428, 566.000000, 16, 0.05
401 435 459 473 486 499 516 536 566 1628 
400, 912.085193, 509.000000, 16, 0.05
338 371 392 404 418 434 449 472 509 1033 
400, 814.156191, 582.000000, 16, 0.05
390 412 435 457 474 490 513 531 582 1078 
450, 805.427016, 638.000000, 16, 0.05
450 475 490 507 535 555 570 599 638 1950 
450, 778.579470, 678.000000, 16, 0.05
451 487 521 543 568 591 614 636 678 1091 
450, 871.234904, 569.000000, 16, 0.05
414 438 451 463 477 497 517 539 569 1314 
450, 910.242748, 555.000000, 16, 0.05
388 426 443 457 467 477 492 514 555 1185 
450, 812.410635, 644.000000, 16, 0.05
449 491 505 515 528 548 573 603 644 1738 
500, 859.674598, 662.000000, 16, 0.05
468 487 506 532 561 586 605 624 662 1254 
500, 842.101473, 706.000000, 16, 0.05
460 495 511 536 557 579 607 647 706 1313 
500, 787.329727, 763.000000, 16, 0.05
516 543 560 583 597 621 655 702 763 1254 
500, 780.191888, 707.000000, 16, 0.05
540 566 585 605 624 643 660 675 707 1704 
500, 875.794648, 645.000000, 16, 0.05
458 484 510 531 551 567 583 603 645 1218 
550, 811.521265, 792.000000, 16, 0.05
562 586 609 628 653 675 691 710 792 1817 
550, 796.594146, 782.000000, 16, 0.05
568 593 621 636 657 680 700 726 782 1879 
550, 852.235457, 837.000000, 16, 0.05
516 534 557 584 601 621 660 704 837 1860 
550, 809.002002, 812.000000, 16, 0.05
548 576 603 621 636 661 703 758 812 1821 
600, 891.819492, 806.000000, 16, 0.05
520 544 561 582 627 662 697 735 806 1924 
600, 912.374067, 825.000000, 16, 0.05
490 517 554 589 624 650 669 698 825 1433 
600, 774.042873, 862.000000, 16, 0.05
640 684 704 727 744 767 788 812 862 2298 
600, 792.259729, 865.000000, 16, 0.05
616 648 691 716 735 752 777 808 865 1358 
600, 754.399226, 869.000000, 16, 0.05
660 704 735 751 767 781 793 814 869 1560 
650, 776.618669, 954.000000, 16, 0.05
666 706 751 777 805 828 855 884 954 1582 
650, 787.437871, 931.000000, 16, 0.05
640 689 720 749 770 794 830 874 931 2634 
650, 788.703456, 949.000000, 16, 0.05
663 709 735 761 786 812 844 875 949 1583 
650, 980.224675, 852.000000, 16, 0.05
492 522 544 569 611 628 652 701 852 1484 
650, 779.039493, 1150.000000, 16, 0.05
588 622 665 709 774 831 881 997 1150 1584 
700, 722.808131, 1262.000000, 16, 0.05
666 698 795 874 898 929 1087 1155 1262 1885 
700, 756.344660, 1018.000000, 16, 0.05
694 761 821 853 875 905 926 954 1018 1955 
700, 757.726815, 1116.000000, 16, 0.05
734 756 784 812 839 886 965 1053 1116 1737 
700, 661.503496, 1294.000000, 16, 0.05
871 929 959 982 1003 1036 1088 1159 1294 1798 
750, 733.328993, 1182.000000, 16, 0.05
862 892 915 937 950 971 1017 1082 1182 2500 
750, 744.017153, 1159.000000, 16, 0.05
847 897 936 956 973 992 1014 1046 1159 2253 
750, 820.056270, 1132.000000, 16, 0.05
762 779 798 824 843 859 876 895 1132 1894 
